
> aku-ingin-membuat-website@0.1.0 build
> next build

Γû▓ Next.js 16.2.2 (Turbopack)
- Environments: .env.local
- Experiments (use with caution):
  ┬╖ serverActions

  Creating an optimized production build ...
Γ£ô Compiled successfully in 6.2s
  Skipping validation of types
  Finished TypeScript config validation in 15ms ...
  Collecting page data using 7 workers ...
  Generating static pages using 7 workers (0/33) ...
node.exe : ΓÜá Unsupported metadata viewport is configured in metadata export i
n /admin/account. Please move it to viewport export instead.
At line:1 char:1
+ & "C:\Program Files\nodejs/node.exe" "C:\Program Files\nodejs/node_mo ...
+ ~~~~~~~~~~~~~~~~~~~~~~~~~~~~~~~~~~~~~~~~~~~~~~~~~~~~~~~~~~~~~~~~~~~~~
    + CategoryInfo          : NotSpecified: (ΓÜá Unsupported...export instead. 
   :String) [], RemoteException
    + FullyQualifiedErrorId : NativeCommandError
 
Read more: https://nextjs.org/docs/app/api-reference/functions/generate-viewpor
t
ΓÜá Unsupported metadata themeColor is configured in metadata export in /admin/
account. Please move it to viewport export instead.
Read more: https://nextjs.org/docs/app/api-reference/functions/generate-viewpor
t
  Generating static pages using 7 workers (8/33) 
ΓÜá Unsupported metadata viewport is configured in metadata export in /_not-fou
nd. Please move it to viewport export instead.
Read more: https://nextjs.org/docs/app/api-reference/functions/generate-viewpor
t
ΓÜá Unsupported metadata themeColor is configured in metadata export in /_not-f
ound. Please move it to viewport export instead.
Read more: https://nextjs.org/docs/app/api-reference/functions/generate-viewpor
t
ΓÜá Unsupported metadata viewport is configured in metadata export in /admin/da
shboard. Please move it to viewport export instead.
Read more: https://nextjs.org/docs/app/api-reference/functions/generate-viewpor
t
ΓÜá Unsupported metadata themeColor is configured in metadata export in /admin/
dashboard. Please move it to viewport export instead.
Read more: https://nextjs.org/docs/app/api-reference/functions/generate-viewpor
t
ΓÜá Unsupported metadata viewport is configured in metadata export in /admin/pa
rticipants/new. Please move it to viewport export instead.
Read more: https://nextjs.org/docs/app/api-reference/functions/generate-viewpor
t
ΓÜá Unsupported metadata themeColor is configured in metadata export in /admin/
participants/new. Please move it to viewport export instead.
Read more: https://nextjs.org/docs/app/api-reference/functions/generate-viewpor
t
ΓÜá Unsupported metadata viewport is configured in metadata export in /exam/joi
n. Please move it to viewport export instead.
Read more: https://nextjs.org/docs/app/api-reference/functions/generate-viewpor
t
ΓÜá Unsupported metadata themeColor is configured in metadata export in /exam/j
oin. Please move it to viewport export instead.
Read more: https://nextjs.org/docs/app/api-reference/functions/generate-viewpor
t
ΓÜá Unsupported metadata viewport is configured in metadata export in /admin/lo
gin. Please move it to viewport export instead.
Read more: https://nextjs.org/docs/app/api-reference/functions/generate-viewpor
t
ΓÜá Unsupported metadata themeColor is configured in metadata export in /admin/
login. Please move it to viewport export instead.
Read more: https://nextjs.org/docs/app/api-reference/functions/generate-viewpor
t
ΓÜá Unsupported metadata viewport is configured in metadata export in /admin/pa
rticipants. Please move it to viewport export instead.
Read more: https://nextjs.org/docs/app/api-reference/functions/generate-viewpor
t
ΓÜá Unsupported metadata themeColor is configured in metadata export in /admin/
participants. Please move it to viewport export instead.
Read more: https://nextjs.org/docs/app/api-reference/functions/generate-viewpor
t
ΓÜá Unsupported metadata viewport is configured in metadata export in /exam/bio
data. Please move it to viewport export instead.
Read more: https://nextjs.org/docs/app/api-reference/functions/generate-viewpor
t
ΓÜá Unsupported metadata themeColor is configured in metadata export in /exam/b
iodata. Please move it to viewport export instead.
Read more: https://nextjs.org/docs/app/api-reference/functions/generate-viewpor
t
ΓÜá Unsupported metadata viewport is configured in metadata export in /exam/res
ult. Please move it to viewport export instead.
Read more: https://nextjs.org/docs/app/api-reference/functions/generate-viewpor
t
ΓÜá Unsupported metadata themeColor is configured in metadata export in /exam/r
esult. Please move it to viewport export instead.
Read more: https://nextjs.org/docs/app/api-reference/functions/generate-viewpor
t
ΓÜá Unsupported metadata viewport is configured in metadata export in /. Please
 move it to viewport export instead.
Read more: https://nextjs.org/docs/app/api-reference/functions/generate-viewpor
t
ΓÜá Unsupported metadata themeColor is configured in metadata export in /. Plea
se move it to viewport export instead.
Read more: https://nextjs.org/docs/app/api-reference/functions/generate-viewpor
t
ΓÜá Unsupported metadata viewport is configured in metadata export in /exam/tes
t. Please move it to viewport export instead.
Read more: https://nextjs.org/docs/app/api-reference/functions/generate-viewpor
t
ΓÜá Unsupported metadata themeColor is configured in metadata export in /exam/t
est. Please move it to viewport export instead.
Read more: https://nextjs.org/docs/app/api-reference/functions/generate-viewpor
t
ΓÜá Unsupported metadata viewport is configured in metadata export in /admin/re
sults. Please move it to viewport export instead.
Read more: https://nextjs.org/docs/app/api-reference/functions/generate-viewpor
t
ΓÜá Unsupported metadata themeColor is configured in metadata export in /admin/
results. Please move it to viewport export instead.
Read more: https://nextjs.org/docs/app/api-reference/functions/generate-viewpor
t
  Generating static pages using 7 workers (16/33) 
  Generating static pages using 7 workers (24/33) 
ΓÜá Unsupported metadata viewport is configured in metadata export in /admin/se
ssions/new. Please move it to viewport export instead.
Read more: https://nextjs.org/docs/app/api-reference/functions/generate-viewpor
t
ΓÜá Unsupported metadata themeColor is configured in metadata export in /admin/
sessions/new. Please move it to viewport export instead.
Read more: https://nextjs.org/docs/app/api-reference/functions/generate-viewpor
t
ΓÜá Unsupported metadata viewport is configured in metadata export in /admin/re
sults/wawasan. Please move it to viewport export instead.
Read more: https://nextjs.org/docs/app/api-reference/functions/generate-viewpor
t
ΓÜá Unsupported metadata themeColor is configured in metadata export in /admin/
results/wawasan. Please move it to viewport export instead.
Read more: https://nextjs.org/docs/app/api-reference/functions/generate-viewpor
t
ΓÜá Unsupported metadata viewport is configured in metadata export in /admin/se
ssions. Please move it to viewport export instead.
Read more: https://nextjs.org/docs/app/api-reference/functions/generate-viewpor
t
ΓÜá Unsupported metadata themeColor is configured in metadata export in /admin/
sessions. Please move it to viewport export instead.
Read more: https://nextjs.org/docs/app/api-reference/functions/generate-viewpor
t
ΓÜá Unsupported metadata viewport is configured in metadata export in /admin/re
sults/psikotest. Please move it to viewport export instead.
Read more: https://nextjs.org/docs/app/api-reference/functions/generate-viewpor
t
ΓÜá Unsupported metadata themeColor is configured in metadata export in /admin/
results/psikotest. Please move it to viewport export instead.
Read more: https://nextjs.org/docs/app/api-reference/functions/generate-viewpor
t
ΓÜá Unsupported metadata viewport is configured in metadata export in /admin/se
ttings. Please move it to viewport export instead.
Read more: https://nextjs.org/docs/app/api-reference/functions/generate-viewpor
t
ΓÜá Unsupported metadata themeColor is configured in metadata export in /admin/
settings. Please move it to viewport export instead.
Read more: https://nextjs.org/docs/app/api-reference/functions/generate-viewpor
t
Γ£ô Generating static pages using 7 workers (33/33) in 545ms
  Finalizing page optimization ...

Route (app)
Γöî Γùï /
Γö£ Γùï /_not-found
Γö£ Γùï /admin/account
Γö£ Γùï /admin/dashboard
Γö£ Γùï /admin/login
Γö£ Γùï /admin/participants
Γö£ Γùï /admin/participants/new
Γö£ Γùï /admin/results
Γö£ Γùï /admin/results/psikotest
Γö£ Γùï /admin/results/wawasan
Γö£ Γùï /admin/sessions
Γö£ ╞Æ /admin/sessions/[id]
Γö£ ╞Æ /admin/sessions/[id]/questions
Γö£ Γùï /admin/sessions/new
Γö£ Γùï /admin/settings
Γö£ ╞Æ /api/admin/account
Γö£ ╞Æ /api/admin/verify-code
Γö£ ╞Æ /api/auth/[...nextauth]
Γö£ ╞Æ /api/exam/questions
Γö£ ╞Æ /api/exam/submit
Γö£ ╞Æ /api/exam/verify
Γö£ ╞Æ /api/participants
Γö£ ╞Æ /api/participants/[id]
Γö£ ╞Æ /api/questions/[id]
Γö£ ╞Æ /api/questions/[id]/update
Γö£ ╞Æ /api/questions/create
Γö£ ╞Æ /api/questions/template
Γö£ ╞Æ /api/questions/upload
Γö£ ╞Æ /api/results
Γö£ ╞Æ /api/results/[participantId]
Γö£ ╞Æ /api/results/export
Γö£ ╞Æ /api/sessions
Γö£ ╞Æ /api/sessions/[id]
Γö£ ╞Æ /api/settings
Γö£ ╞Æ /api/violations
Γö£ Γùï /exam/biodata
Γö£ Γùï /exam/join
Γö£ Γùï /exam/result
Γöö Γùï /exam/test


╞Æ Proxy (Middleware)

Γùï  (Static)   prerendered as static content
╞Æ  (Dynamic)  server-rendered on demand

